Flow report for de0nano_hdmi_top
Wed Mar 29 02:41:44 2023
Quartus Prime Version 22.1std.0 Build 915 10/25/2022 SC Lite Edition


---------------------
; Table of Contents ;
---------------------
  1. Legal Notice
  2. Flow Summary
  3. Flow Settings
  4. Flow Non-Default Global Settings
  5. Flow Elapsed Time
  6. Flow OS Summary
  7. Flow Log
  8. Flow Messages
  9. Flow Suppressed Messages



----------------
; Legal Notice ;
----------------
Copyright (C) 2022  Intel Corporation. All rights reserved.
Your use of Intel Corporation's design tools, logic functions 
and other software and tools, and any partner logic 
functions, and any output files from any of the foregoing 
(including device programming or simulation files), and any 
associated documentation or information are expressly subject 
to the terms and conditions of the Intel Program License 
Subscription Agreement, the Intel Quartus Prime License Agreement,
the Intel FPGA IP License Agreement, or other applicable license
agreement, including, without limitation, that your use is for
the sole purpose of programming logic devices manufactured by
Intel and sold by Intel or its authorized distributors.  Please
refer to the applicable agreement for further details, at
https://fpgasoftware.intel.com/eula.



+-------------------------------------------------------------------------------------+
; Flow Summary                                                                        ;
+------------------------------------+------------------------------------------------+
; Flow Status                        ; Successful - Wed Mar 29 02:41:36 2023          ;
; Quartus Prime Version              ; 22.1std.0 Build 915 10/25/2022 SC Lite Edition ;
; Revision Name                      ; de0nano_hdmi_top                               ;
; Top-level Entity Name              ; de0nano_hdmi_test_top                          ;
; Family                             ; Cyclone IV E                                   ;
; Device                             ; EP4CE22F17C6                                   ;
; Timing Models                      ; Final                                          ;
; Total logic elements               ; 1,834 / 22,320 ( 8 % )                         ;
;     Total combinational functions  ; 1,720 / 22,320 ( 8 % )                         ;
;     Dedicated logic registers      ; 1,031 / 22,320 ( 5 % )                         ;
; Total registers                    ; 1047                                           ;
; Total pins                         ; 130 / 154 ( 84 % )                             ;
; Total virtual pins                 ; 0                                              ;
; Total memory bits                  ; 69,348 / 608,256 ( 11 % )                      ;
; Embedded Multiplier 9-bit elements ; 0 / 132 ( 0 % )                                ;
; Total PLLs                         ; 1 / 4 ( 25 % )                                 ;
+------------------------------------+------------------------------------------------+


+-----------------------------------------+
; Flow Settings                           ;
+-------------------+---------------------+
; Option            ; Setting             ;
+-------------------+---------------------+
; Start date & time ; 03/29/2023 02:40:56 ;
; Main task         ; Compilation         ;
; Revision Name     ; de0nano_hdmi_top    ;
+-------------------+---------------------+


+--------------------------------------------------------------------------------------------------------------------------------------+
; Flow Non-Default Global Settings                                                                                                     ;
+-------------------------------------+----------------------------------------+------------------+-----------------------+------------+
; Assignment Name                     ; Value                                  ; Default Value    ; Entity Name           ; Section Id ;
+-------------------------------------+----------------------------------------+------------------+-----------------------+------------+
; COMPILER_SIGNATURE_ID               ; 53849985591009.168002525508212         ; --               ; --                    ; --         ;
; MAX_CORE_JUNCTION_TEMP              ; 85                                     ; --               ; --                    ; --         ;
; MIN_CORE_JUNCTION_TEMP              ; 0                                      ; --               ; --                    ; --         ;
; MISC_FILE                           ; ip/pll/hdmi_vgapll_bb.v                ; --               ; --                    ; --         ;
; MISC_FILE                           ; ip/pll/hdmi_vgapll.ppf                 ; --               ; --                    ; --         ;
; MISC_FILE                           ; ip/pll/hdmi_hdpll_bb.v                 ; --               ; --                    ; --         ;
; MISC_FILE                           ; ip/pll/hdmi_hdpll.ppf                  ; --               ; --                    ; --         ;
; OUTPUT_IO_TIMING_FAR_END_VMEAS      ; Half Signal Swing                      ; --               ; --                    ; --         ;
; OUTPUT_IO_TIMING_FAR_END_VMEAS      ; Half Signal Swing                      ; --               ; --                    ; --         ;
; OUTPUT_IO_TIMING_NEAR_END_VMEAS     ; Half Vccio                             ; --               ; --                    ; --         ;
; OUTPUT_IO_TIMING_NEAR_END_VMEAS     ; Half Vccio                             ; --               ; --                    ; --         ;
; PARTITION_COLOR                     ; -- (Not supported for targeted family) ; --               ; de0nano_hdmi_test_top ; Top        ;
; PARTITION_FITTER_PRESERVATION_LEVEL ; -- (Not supported for targeted family) ; --               ; de0nano_hdmi_test_top ; Top        ;
; PARTITION_NETLIST_TYPE              ; -- (Not supported for targeted family) ; --               ; de0nano_hdmi_test_top ; Top        ;
; POST_MODULE_SCRIPT_FILE             ; quartus_sh:auto_generate_jic.tcl       ; --               ; --                    ; --         ;
; POWER_BOARD_THERMAL_MODEL           ; None (CONSERVATIVE)                    ; --               ; --                    ; --         ;
; POWER_PRESET_COOLING_SOLUTION       ; 23 MM HEAT SINK WITH 200 LFPM AIRFLOW  ; --               ; --                    ; --         ;
; PROJECT_OUTPUT_DIRECTORY            ; output_files                           ; --               ; --                    ; --         ;
; TOP_LEVEL_ENTITY                    ; de0nano_hdmi_test_top                  ; de0nano_hdmi_top ; --                    ; --         ;
+-------------------------------------+----------------------------------------+------------------+-----------------------+------------+


+--------------------------------------------------------------------------------------------------------------------------+
; Flow Elapsed Time                                                                                                        ;
+----------------------+--------------+-------------------------+---------------------+------------------------------------+
; Module Name          ; Elapsed Time ; Average Processors Used ; Peak Virtual Memory ; Total CPU Time (on all processors) ;
+----------------------+--------------+-------------------------+---------------------+------------------------------------+
; Analysis & Synthesis ; 00:00:21     ; 1.0                     ; 4836 MB             ; 00:00:40                           ;
; Fitter               ; 00:00:11     ; 1.1                     ; 5551 MB             ; 00:00:14                           ;
; Assembler            ; 00:00:03     ; 1.0                     ; 4722 MB             ; 00:00:03                           ;
; Timing Analyzer      ; 00:00:04     ; 1.2                     ; 4826 MB             ; 00:00:03                           ;
; Total                ; 00:00:39     ; --                      ; --                  ; 00:01:00                           ;
+----------------------+--------------+-------------------------+---------------------+------------------------------------+


+------------------------------------------------------------------------------------+
; Flow OS Summary                                                                    ;
+----------------------+------------------+------------+------------+----------------+
; Module Name          ; Machine Hostname ; OS Name    ; OS Version ; Processor type ;
+----------------------+------------------+------------+------------+----------------+
; Analysis & Synthesis ; BRUENNHILDE      ; Windows 10 ; 10.0       ; x86_64         ;
; Fitter               ; BRUENNHILDE      ; Windows 10 ; 10.0       ; x86_64         ;
; Assembler            ; BRUENNHILDE      ; Windows 10 ; 10.0       ; x86_64         ;
; Timing Analyzer      ; BRUENNHILDE      ; Windows 10 ; 10.0       ; x86_64         ;
+----------------------+------------------+------------+------------+----------------+


------------
; Flow Log ;
------------
quartus_map --read_settings_files=on --write_settings_files=off de0nano_hdmi -c de0nano_hdmi_top
quartus_fit --read_settings_files=off --write_settings_files=off de0nano_hdmi -c de0nano_hdmi_top
quartus_asm --read_settings_files=off --write_settings_files=off de0nano_hdmi -c de0nano_hdmi_top
quartus_sta de0nano_hdmi -c de0nano_hdmi_top



